<?xml version="1.0" encoding="utf-8"?><testsuite errors="0" failures="0" name="pytest" skips="0" tests="3" time="0.525"><testcase classname="spoiled_tomatillos.tests.test_1.MyTestClass" file="spoiled_tomatillos/tests/test_1.py" line="31" name="test_equal_numbers" time="0.001322031021118164"></testcase><testcase classname="spoiled_tomatillos.tests.test_2.MyTestClass" file="spoiled_tomatillos/tests/test_2.py" line="31" name="test_equal_numbers" time="0.0006210803985595703"></testcase><testcase classname="spoiled_tomatillos.tests.test_app.MyTestClass" file="spoiled_tomatillos/tests/test_app.py" line="31" name="test_equal_numbers" time="0.0006937980651855469"></testcase></testsuite>